// Vitest Snapshot v1, https://vitest.dev/guide/snapshot.html

exports[`convertMWLData > formats 'Hosanna' (hosanna-chords) 1`] = `
"[Verse 1]
[E]I see the King of glory
[C#m]Coming on the clouds with fire
The whole earth[F#m] shakes
The whole earth shake[B]s
[E]I see His love and mercy
[C#m]Washing over all our sin
The people[F#m] sing
The people[B] sing

[Chorus]
[E]Hosan[A]na[B] hosan[C#m]na
Hosan[A]na in the[C#m] highest[B]
Ho[E]sann[A]a h[B]osanna[C#m]
Ho[A]sanna in the[B] highe[E]st

[Verse 2]
[E]I see a generation
[C#m]Rising up to take their place
With selfless [F#m]faith
With selfless fa[B]ith
[E]I see a near revival
[C#m]Stirring as we pray and seek
We're on our [F#m]knees
We're on our [B]knees

[Bridge]
[A]Heal my heart and make it cl[B]ean
[E]Open up my eyes to the[C#m] things unseen
[A]Show me how to love like [B]You have loved m[C#m]e
[A]Break my heart for what breaks Yo[B]urs
[E]Everything I am for You[C#m]r Kingdom's cause
[A]As I walk from earth i[B]nto eternit[A]y"
`;

exports[`convertMWLData > formats 'King of Kings' (king-of-kings-chords) 1`] = `
"[Verse 1]
In the [D]darkness we were [G]waiting
Without [A]hope without [D]light
Till from [D]heaven You came [G]running
There was [A]mercy in Your e[D]yes
To [D]fulfil the law and [G]prophets
To a v[A]irgin came the [D]Word
From a [D]throne of endless [G]glory
To a c[A]radle in the [D]dirt

[Chorus]
[D]Praise the Father
[G]Praise the Son
[Bm]Praise the Spirit [A]three in one
[D]God of glory
[G]Majesty
[Bm]Praise for[G]ever to the [A]King of [D]Kings

[Verse 2]
To [D]reveal the kingdom [G]coming
And to r[A]econcile the [D]lost
To [D]redeem the whole c[G]reation
You did n[A]ot despise the [D]cross
For [D]even in Your s[G]uffering
You saw [A]to the other [D]side
Knowing [D]this was our salv[G]ation
Jesus [A]for our sake You [D]died

[Verse 3]
And the [Bm]morning that You [G]rose
All of h[A]eaven held its [D]breath
Till that [Bm]stone was moved for [G]good
For the [A]Lamb had conquered [D]death
And the [Bm]dead rose from their [G]tombs
And the [A]angels stood in [D]awe
For the [Bm]souls of all who’d [G]come
To the F[A]ather are res[D]tored

[Verse 4]
And the [D]Church of Christ was [G]born
Then the [A]Spirit lit the [D]flame
Now this [D]gospel truth of [G]old
Shall not [A]kneel shall not [D]faint
By His [D]blood and in His [G]Name
In His f[A]reedom I am f[D]ree
For the love of Jesus [G]Christ
Who has r[A]esurrected [D]me"
`;
